// Jest Snapshot v1, https://goo.gl/fbAQLP

exports[`snapshot 1`] = `
<header>
  <div>
    <img
      alt="logo"
      onClick={[Function]}
      src=""
      title="logo"
    />
    <ul>
      <li>
        <a
          aria-current="page"
          href="/"
          onClick={[Function]}
        >
          Main
        </a>
      </li>
      <li>
        <a
          href="/search"
          onClick={[Function]}
        >
          Search
        </a>
      </li>
    </ul>
  </div>
</header>
`;
