// Jest Snapshot v1, https://goo.gl/fbAQLP

exports[`snapshot 1`] = `
<header
  className="header"
>
  <div
    className="wrapper"
  >
    <img
      alt="logo"
      className="logo"
      src=""
      title="logo"
    />
    <ul>
      <li
        className="item"
      >
        <a
          aria-current="page"
          className="link"
          href="/"
          onClick={[Function]}
        >
          Main
        </a>
      </li>
      <li
        className="item"
      >
        <a
          className="link"
          href="/search"
          onClick={[Function]}
        >
          Search
        </a>
      </li>
    </ul>
  </div>
</header>
`;
