// Jest Snapshot v1, https://goo.gl/fbAQLP

exports[`snapshot 1`] = `
<div
  className="modalContainer"
>
  <h1
    className="modalTitle"
  >
    This is an example of a modal window
  </h1>
  <div
    className="modalButtons"
  >
    <button
      className="modalButton"
      onClick={true}
    >
      Ok
    </button>
    <button
      className="modalButton"
      onClick={true}
    >
      Close
    </button>
  </div>
</div>
`;
