// Jest Snapshot v1, https://goo.gl/fbAQLP

exports[`snapshot 1`] = `
<div
  className="css-4s3t10-ModalContainer ew3ism00"
>
  <h1>
    This is an example of a modal window
  </h1>
  <div
    className="buttons"
  >
    <button
      className="button"
    >
      Ok
    </button>
    <button
      className="button"
    >
      Close
    </button>
  </div>
</div>
`;
