// Jest Snapshot v1, https://goo.gl/fbAQLP

exports[`snapshot 1`] = `
<main
  className="content css-j43ud8"
>
  <h1
    className="css-681owv"
  />
  <div
    className="content__text"
  >
    <p>
      Open network panel
    </p>
    <p>
      Scroll down
    </p>
    <p>
      You will see how images are loading
    </p>
    <div
      className="content__buffer"
    />
  </div>
  <ul
    className="content__images"
  >
    no image
  </ul>
</main>
`;
