// Jest Snapshot v1, https://goo.gl/fbAQLP

exports[`snapshot 1`] = `
<main
  className="content css-j43ud8"
>
  <h1
    className="css-681owv"
  />
  <div
    className="content__text"
  >
    <p>
      Open network panel
    </p>
    <p>
      Scroll down
    </p>
    <p>
      You will see how images are loading
    </p>
    <div
      className="content__buffer"
    />
  </div>
  <ul
    className="content__images"
  >
    <li
      className="css-1w3z3hb"
    >
      <img
        alt=""
        className="image image_lazy"
        data-src="https://images.unsplash.com/photo-1549558549-415fe4c37b60?ixlib=rb-1.2.1&auto=format&fit=crop&w=2765&q=80"
        src=""
      />
      <div
        className="image__info"
      >
        <p
          className="image__author"
        >
          Mar Bustos
        </p>
        <a
          className="image__link"
          href="https://unsplash.com/@mar28mar"
          rel="noopener noreferrer"
          target="_blank"
          title="unsplash.com link"
        >
          Unsplash link
        </a>
      </div>
    </li>
    <li
      className="css-1w3z3hb"
    >
      <img
        alt=""
        className="image image_lazy"
        data-src="https://images.unsplash.com/photo-1527004013197-933c4bb611b3?ixlib=rb-1.2.1&ixid=eyJhcHBfaWQiOjEyMDd9&auto=format&fit=crop&w=1567&q=80"
        src=""
      />
      <div
        className="image__info"
      >
        <p
          className="image__author"
        >
          John O'Nolan
        </p>
        <a
          className="image__link"
          href="https://unsplash.com/@johnonolan"
          rel="noopener noreferrer"
          target="_blank"
          title="unsplash.com link"
        >
          Unsplash link
        </a>
      </div>
    </li>
    <li
      className="css-1w3z3hb"
    >
      <img
        alt=""
        className="image image_lazy"
        data-src="https://images.unsplash.com/photo-1516898263-bc9e1a4e7e8d?ixlib=rb-1.2.1&auto=format&fit=crop&w=1867&q=80"
        src=""
      />
      <div
        className="image__info"
      >
        <p
          className="image__author"
        >
          Callum Stewart
        </p>
        <a
          className="image__link"
          href="https://unsplash.com/@callumstewartni"
          rel="noopener noreferrer"
          target="_blank"
          title="unsplash.com link"
        >
          Unsplash link
        </a>
      </div>
    </li>
  </ul>
</main>
`;
