// Jest Snapshot v1, https://goo.gl/fbAQLP

exports[`snapshot 1`] = `
<main
  className="content"
>
  <h1
    className="title"
  >
    
  </h1>
  <div>
    <p>
      Open network panel
    </p>
    <p>
      Scroll down
    </p>
    <p>
      You will see how images are loading
    </p>
    <div
      className="buffer"
    />
  </div>
  <ul>
    <li
      className="image"
    >
      <img
        alt=""
        className="image lazy"
        data-src="https://images.unsplash.com/photo-1549558549-415fe4c37b60?ixlib=rb-1.2.1&auto=format&fit=crop&w=2765&q=80"
        src=""
      />
      <div
        className="imageInfo"
      >
        <p
          className="imageAuthor"
        >
          Mar Bustos
        </p>
        <a
          className="imageLink"
          href="https://unsplash.com/@mar28mar"
          rel="noopener noreferrer"
          target="_blank"
          title="unsplash.com link"
        >
          Unsplash link
        </a>
      </div>
    </li>
    <li
      className="image"
    >
      <img
        alt=""
        className="image lazy"
        data-src="https://images.unsplash.com/photo-1527004013197-933c4bb611b3?ixlib=rb-1.2.1&ixid=eyJhcHBfaWQiOjEyMDd9&auto=format&fit=crop&w=1567&q=80"
        src=""
      />
      <div
        className="imageInfo"
      >
        <p
          className="imageAuthor"
        >
          John O'Nolan
        </p>
        <a
          className="imageLink"
          href="https://unsplash.com/@johnonolan"
          rel="noopener noreferrer"
          target="_blank"
          title="unsplash.com link"
        >
          Unsplash link
        </a>
      </div>
    </li>
    <li
      className="image"
    >
      <img
        alt=""
        className="image lazy"
        data-src="https://images.unsplash.com/photo-1516898263-bc9e1a4e7e8d?ixlib=rb-1.2.1&auto=format&fit=crop&w=1867&q=80"
        src=""
      />
      <div
        className="imageInfo"
      >
        <p
          className="imageAuthor"
        >
          Callum Stewart
        </p>
        <a
          className="imageLink"
          href="https://unsplash.com/@callumstewartni"
          rel="noopener noreferrer"
          target="_blank"
          title="unsplash.com link"
        >
          Unsplash link
        </a>
      </div>
    </li>
  </ul>
</main>
`;
