// Jest Snapshot v1, https://goo.gl/fbAQLP

exports[`snapshot 1`] = `
<footer
  className="footer"
>
  <ul>
    <li
      className="item"
    >
      <a
        aria-current="page"
        className="link"
        href="/"
        onClick={[Function]}
      >
        footer link 1
      </a>
    </li>
    <li
      className="item"
    >
      <a
        aria-current="page"
        className="link"
        href="/"
        onClick={[Function]}
      >
        footer link 2
      </a>
    </li>
    <li
      className="item"
    >
      <a
        aria-current="page"
        className="link"
        href="/"
        onClick={[Function]}
      >
        footer link 3
      </a>
    </li>
  </ul>
</footer>
`;
