// Jest Snapshot v1, https://goo.gl/fbAQLP

exports[`snapshot 1`] = `
<footer>
  <ul>
    <li>
      <a
        href="/"
      >
        footer link 1
      </a>
    </li>
    <li>
      <a
        href="/"
      >
        footer link 2
      </a>
    </li>
    <li>
      <a
        href="/"
      >
        footer link 3
      </a>
    </li>
  </ul>
</footer>
`;
